// Jest Snapshot v1, https://goo.gl/fbAQLP

exports[`Files should create, and update a CHANGELOG.md: changelog 1`] = `
"# Changelog
All notable changes to this project will be documented in this file.
## ¯\\_(ツ)_/¯ (2022-10-01)

### Features
* **dolor** issues/20 sit enhancements  (#8) (53a123)

### Code Refactoring
* **file** lorem updates  (#8) (1f1234)

### Chores
* **build** npm packages  (#15) (e5c456)

### Bug Fixes
* **build** eslint, jsdoc updates  (#16) (d12345)

"
`;

exports[`Files should update a package.json: package 1`] = `"Version bump: lorem ipsum"`;
