// Jest Snapshot v1, https://goo.gl/fbAQLP

exports[`Parse should parse a commit listing using conventional commit types and semver: parsed commits 1`] = `
{
  "commits": {
    "build": {
      "commits": [
        "* **deps** bump codecov/codecov-action from 1.1.0 to 1.1.1 (#19) (fe7d312345xe604d8328d025612345925123457b)",
        "* **deps** bump actions/cache from 1 to 2 (#12) (112345ca212345c8d2d123450c31234588f12345)",
        "* **deps** bump actions/checkout from 1 to 2 (#11) (512345d6712345a1234581234501234516b12345)",
        "* **deps** aggregated checks, updates (#10) (12345d71e12345d2fc712345dd411234586b850a)",
        "* **deps** bump actions/github-script from 5 to 6 (#9) (1412345dd312345d4212345d53e12345dca12345)",
      ],
      "description": "Changes that affect the build system or external dependencies (example scopes: gulp, broccoli, npm)",
      "title": "Builds",
    },
    "chore": {
      "commits": [
        "* **build** npm packages (#15) (e5c456ea12345vv4610fa4aff7812345ss31b1e2)",
        "* **build** npm packages (#15) (6f0f55d32412345221234512345d2345c3212345)",
      ],
      "description": "Other changes that don't modify src or test files",
      "title": "Chores",
    },
    "feat": {
      "commits": [
        "* **dolor** issues/20 sit enhancements (#8) (53a12345479ef91123456e921234548ac4123450)",
      ],
      "description": "A new feature",
      "title": "Features",
    },
    "fix": {
      "commits": [
        "* **build** npm packages (#18) (611234511234543c39c1234536dc01234521549c)",
        "* **build** eslint, jsdoc updates (#16) (d1234537b5e94a6512345xeb96503312345x18d2)",
      ],
      "description": "A bug fix",
      "title": "Bug Fixes",
    },
    "refactor": {
      "commits": [
        "* **file** lorem updates (#8) (1f12345b597123453031234555b6d25574ccacee)",
      ],
      "description": "A code change that neither fixes a bug nor adds a feature",
      "title": "Code Refactoring",
    },
  },
  "default": {},
}
`;

exports[`Parse should parse a commit listing using conventional commit types and semver: semver bump 1`] = `
{
  "commits": {
    "bump": "minor",
    "weight": 11.7,
  },
  "default": {
    "bump": "patch",
    "weight": 0,
  },
}
`;
