// Jest Snapshot v1, https://goo.gl/fbAQLP

exports[`General code checks should only have specific console.[warn|log|info|error] methods: console methods 1`] = `
[
  "cmds.js:21:    console.error(color.RED, errorMessage.replace('{0}', e.message), color.NOCOLOR)",
  "cmds.js:138:    console.error(color.RED, \`Semver: \${e.message}\`, color.NOCOLOR)",
  "cmds.js:168:    console.error(color.RED, \`Semver: \${e.message}\`, color.NOCOLOR)",
  "files.js:69:    console.info(\` \${updatedBody}\`)",
  "global.js:64:    console.error(color.RED, \`Conventional commit types: \${e.message}\`, color.NOCOLOR)",
  "index.js:42:    console.info( index.js:56:    console.info(color.NOCOLOR)",
]
`;
